// Jest Snapshot v1, https://goo.gl/fbAQLP

exports[`DLS Datasets - Card View renders correctly 1`] = `
Object {
  "buttons": Array [
    [Function],
  ],
  "customFilters": Array [
    Object {
      "dataKey": "type.id",
      "filterItems": Array [],
      "label": "datasets.type.id",
    },
  ],
  "data": Array [
    Object {
      "createTime": "2019-07-23",
      "id": 1,
      "modTime": "2019-07-23",
      "name": "Test 1",
    },
  ],
  "description": Object {
    "dataKey": "description",
    "filterComponent": [Function],
    "label": "datasets.details.description",
  },
  "filters": Object {},
  "information": Array [
    Object {
      "content": [Function],
      "dataKey": "datafileCount",
      "disableSort": true,
      "icon": Object {
        "$$typeof": Symbol(react.memo),
        "compare": null,
        "type": Object {
          "$$typeof": Symbol(react.forward_ref),
          "render": [Function],
        },
      },
      "label": "datasets.datafile_count",
    },
    Object {
      "dataKey": "createTime",
      "filterComponent": [Function],
      "icon": Object {
        "$$typeof": Symbol(react.memo),
        "compare": null,
        "type": Object {
          "$$typeof": Symbol(react.forward_ref),
          "render": [Function],
        },
      },
      "label": "datasets.create_time",
    },
    Object {
      "dataKey": "modTime",
      "filterComponent": [Function],
      "icon": Object {
        "$$typeof": Symbol(react.memo),
        "compare": null,
        "type": Object {
          "$$typeof": Symbol(react.forward_ref),
          "render": [Function],
        },
      },
      "label": "datasets.modified_time",
    },
    Object {
      "dataKey": "startDate",
      "filterComponent": [Function],
      "icon": Object {
        "$$typeof": Symbol(react.memo),
        "compare": null,
        "type": Object {
          "$$typeof": Symbol(react.forward_ref),
          "render": [Function],
        },
      },
      "label": "datasets.details.start_date",
    },
    Object {
      "dataKey": "endDate",
      "filterComponent": [Function],
      "icon": Object {
        "$$typeof": Symbol(react.memo),
        "compare": null,
        "type": Object {
          "$$typeof": Symbol(react.forward_ref),
          "render": [Function],
        },
      },
      "label": "datasets.details.end_date",
    },
  ],
  "loadedCount": true,
  "loadedData": true,
  "moreInformation": [Function],
  "onFilter": [Function],
  "onPageChange": [Function],
  "onResultsChange": [Function],
  "onSort": [Function],
  "page": null,
  "results": 10,
  "sort": Object {},
  "title": Object {
    "content": [Function],
    "dataKey": "name",
    "filterComponent": [Function],
    "label": "datasets.name",
  },
  "totalDataCount": 1,
}
`;
