// Jest Snapshot v1, https://goo.gl/fbAQLP

exports[`ISIS Investigations - Card View renders correctly 1`] = `
<ContextProvider
  value={false}
>
  <ContextProvider
    value={
      QueryClient {
        "defaultOptions": Object {},
        "mutationCache": MutationCache {
          "config": Object {},
          "listeners": Array [],
          "mutationId": 0,
          "mutations": Array [],
        },
        "mutationDefaults": Array [],
        "queryCache": QueryCache {
          "config": Object {},
          "listeners": Array [],
          "queries": Array [],
          "queriesMap": Object {},
        },
        "queryDefaults": Array [],
      }
    }
  >
    <ISISInvestigationsCardView
      instrumentChildId="1"
      instrumentId="1"
      studyHierarchy={false}
    />
  </ContextProvider>
</ContextProvider>
`;
