// Jest Snapshot v1, https://goo.gl/fbAQLP

exports[`Download cart table component renders correctly 1`] = `
<div
  className="tour-download-results"
  data-testid="no-selections-messsage"
  style={
    Object {
      "height": "calc(100vh - 64px - 36px - 48px - 48px)",
      "minHeight": 230,
      "overflowX": "auto",
    }
  }
>
  <WithStyles(ForwardRef(Paper))>
    <WithStyles(ForwardRef(Grid))
      alignItems="center"
      container={true}
      direction="column"
      justify="center"
    >
      <WithStyles(ForwardRef(Grid))
        item={true}
      >
        <WithStyles(ForwardRef(Typography))
          className="makeStyles-noSelectionsMessage-1"
        >
          <Trans
            i18nKey="downloadCart.no_selections"
          >
            No data selected.
             
            <WithStyles(ForwardRef(Link))
              component={
                Object {
                  "$$typeof": Symbol(react.forward_ref),
                  "displayName": "Link",
                  "propTypes": Object {
                    "innerRef": [Function],
                    "onClick": [Function],
                    "replace": [Function],
                    "target": [Function],
                    "to": [Function],
                  },
                  "render": [Function],
                }
              }
              style={
                Object {
                  "fontWeight": "bold",
                }
              }
              to="downloadCart.browse_link"
            >
              Browse
            </WithStyles(ForwardRef(Link))>
             
            or
             
            <WithStyles(ForwardRef(Link))
              component={
                Object {
                  "$$typeof": Symbol(react.forward_ref),
                  "displayName": "Link",
                  "propTypes": Object {
                    "innerRef": [Function],
                    "onClick": [Function],
                    "replace": [Function],
                    "target": [Function],
                    "to": [Function],
                  },
                  "render": [Function],
                }
              }
              style={
                Object {
                  "fontWeight": "bold",
                }
              }
              to="downloadCart.search_link"
            >
              search
            </WithStyles(ForwardRef(Link))>
             
            for data.
          </Trans>
        </WithStyles(ForwardRef(Typography))>
      </WithStyles(ForwardRef(Grid))>
    </WithStyles(ForwardRef(Grid))>
  </WithStyles(ForwardRef(Paper))>
</div>
`;
