// Jest Snapshot v1, https://goo.gl/fbAQLP

exports[`Datafile details panel component renders correctly 1`] = `
<WithStyles(ForwardRef(Grid))
  className="makeStyles-root-1"
  container={true}
  direction="column"
  id="details-panel"
>
  <WithStyles(ForwardRef(Grid))
    item={true}
    xs={true}
  >
    <WithStyles(ForwardRef(Typography))
      variant="h6"
    >
      <b />
    </WithStyles(ForwardRef(Typography))>
    <WithStyles(ForwardRef(Divider))
      className="makeStyles-divider-2"
    />
  </WithStyles(ForwardRef(Grid))>
  <WithStyles(ForwardRef(Grid))
    item={true}
    xs={true}
  >
    <WithStyles(ForwardRef(Typography))
      variant="overline"
    >
      datafiles.size
    </WithStyles(ForwardRef(Typography))>
    <WithStyles(ForwardRef(Typography))>
      <b>
        Unknown
      </b>
    </WithStyles(ForwardRef(Typography))>
  </WithStyles(ForwardRef(Grid))>
  <WithStyles(ForwardRef(Grid))
    item={true}
    xs={true}
  >
    <WithStyles(ForwardRef(Typography))
      variant="overline"
    >
      datafiles.location
    </WithStyles(ForwardRef(Typography))>
    <WithStyles(ForwardRef(Typography))>
      <b />
    </WithStyles(ForwardRef(Typography))>
  </WithStyles(ForwardRef(Grid))>
</WithStyles(ForwardRef(Grid))>
`;
