// Jest Snapshot v1, https://goo.gl/fbAQLP

exports[`ISIS Study Landing page renders structured data correctly 1`] = `""`;
