// Jest Snapshot v1, https://goo.gl/fbAQLP

exports[`TxtPreview should render given text file 1`] = `
<DocumentFragment>
  <p
    class="MuiTypography-root MuiTypography-body1 css-ahj2mt-MuiTypography-root"
  >
    datafiles.preview.txt.reading_content
  </p>
</DocumentFragment>
`;
