// Jest Snapshot v1, https://goo.gl/fbAQLP

exports[`Checkbox component tests renders correctly 1`] = `
<div
  className="makeStyles-root-1"
>
  <WithStyles(ForwardRef(FormControl))
    className="makeStyles-formControl-2 tour-search-checkbox"
    component="fieldset"
    error={false}
    required={true}
  >
    <WithStyles(ForwardRef(FormGroup))
      row={true}
    >
      <WithStyles(ForwardRef(FormLabel))
        className="makeStyles-formLabel-4"
        component="legend"
      >
        searchBox.checkboxes.text
      </WithStyles(ForwardRef(FormLabel))>
      <WithStyles(ForwardRef(FormControlLabel))
        control={
          <WithStyles(ForwardRef(Checkbox))
            checked={false}
            inputProps={
              Object {
                "aria-label": "searchBox.checkboxes.investigation_arialabel",
              }
            }
            onChange={[Function]}
            value="Investigation"
          />
        }
        label="searchBox.checkboxes.investigation"
      />
      <WithStyles(ForwardRef(FormControlLabel))
        control={
          <WithStyles(ForwardRef(Checkbox))
            checked={true}
            inputProps={
              Object {
                "aria-label": "searchBox.checkboxes.dataset_arialabel",
              }
            }
            onChange={[Function]}
            value="Dataset"
          />
        }
        label="searchBox.checkboxes.dataset"
      />
      <WithStyles(ForwardRef(FormControlLabel))
        control={
          <WithStyles(ForwardRef(Checkbox))
            checked={true}
            inputProps={
              Object {
                "aria-label": "searchBox.checkboxes.datafile_arialabel",
              }
            }
            onChange={[Function]}
            value="Datafile"
          />
        }
        label="searchBox.checkboxes.datafile"
      />
    </WithStyles(ForwardRef(FormGroup))>
  </WithStyles(ForwardRef(FormControl))>
</div>
`;
