// Jest Snapshot v1, https://goo.gl/fbAQLP

exports[`DatePicker component tests CustomClearButton renders correctly 1`] = `
<DocumentFragment>
  <div
    class="MuiDialogActions-root MuiDialogActions-spacing css-hlj6pa-MuiDialogActions-root"
  >
    <button
      class="MuiButtonBase-root MuiButton-root MuiButton-contained MuiButton-containedPrimary MuiButton-sizeMedium MuiButton-containedSizeMedium MuiButton-root MuiButton-contained MuiButton-containedPrimary MuiButton-sizeMedium MuiButton-containedSizeMedium css-lu2usf-MuiButtonBase-root-MuiButton-root"
      role="button"
      tabindex="0"
      type="button"
    >
      Clear
      <span
        class="MuiTouchRipple-root css-8je8zh-MuiTouchRipple-root"
      />
    </button>
  </div>
</DocumentFragment>
`;
