// Jest Snapshot v1, https://goo.gl/fbAQLP

exports[`SearchPageContainer - Tests renders correctly at /search/data route 1`] = `
<div>
  <WithStyles(ForwardRef(Grid))
    alignItems="flex-start"
    container={true}
    direction="column"
    justify="flex-start"
    spacing={2}
    style={
      Object {
        "margin": 0,
        "width": "100%",
      }
    }
  >
    <WithStyles(ForwardRef(Grid))
      id="container-search-filters"
      item={true}
    >
      <WithStyles(ForwardRef(Paper))
        style={
          Object {
            "height": "100%",
            "minWidth": 584,
            "width": "calc(70vw)",
          }
        }
      >
        <SearchBoxContainer
          initiateSearch={[Function]}
        />
      </WithStyles(ForwardRef(Paper))>
    </WithStyles(ForwardRef(Grid))>
  </WithStyles(ForwardRef(Grid))>
</div>
`;

exports[`SearchPageContainer - Tests renders searchPageContainer correctly 1`] = `
<a
  href="/search/data"
  onClick={[Function]}
>
  Search data
</a>
`;
