// Jest Snapshot v1, https://goo.gl/fbAQLP

exports[`SearchBoxContainer - Tests renders searchBoxContainer correctly 1`] = `
<div
  className="MuiBox-root MuiBox-root-6 makeStyles-containerBox-2"
>
  <WithStyles(ForwardRef(Grid))
    container={true}
    direction="row"
    id="container-searchbox"
    justify="center"
  >
    <WithStyles(ForwardRef(Grid))
      item={true}
      style={
        Object {
          "flexGrow": 1,
        }
      }
      xs="auto"
    >
      <SearchTextBox
        initiateSearch={[MockFunction]}
      />
    </WithStyles(ForwardRef(Grid))>
    <WithStyles(ForwardRef(Grid))
      item={true}
      style={
        Object {
          "marginTop": "8px",
        }
      }
    >
      <Connect(CheckboxesGroup) />
    </WithStyles(ForwardRef(Grid))>
    <WithStyles(ForwardRef(Grid))
      item={true}
      style={
        Object {
          "marginTop": "8px",
        }
      }
    >
      <Connect(SelectDates)
        initiateSearch={[MockFunction]}
      />
    </WithStyles(ForwardRef(Grid))>
    <WithStyles(ForwardRef(Grid))
      item={true}
      style={
        Object {
          "display": "flex",
          "marginLeft": 6,
          "marginTop": "24px",
        }
      }
    >
      <TranslatedSearchButton
        initiateSearch={[MockFunction]}
      />
    </WithStyles(ForwardRef(Grid))>
  </WithStyles(ForwardRef(Grid))>
  <div
    style={
      Object {
        "display": "flex",
      }
    }
  >
    <WithStyles(ForwardRef(Typography))
      className="makeStyles-leftText-3"
    >
      <Trans
        i18nKey="searchBox.examples_label"
        t={[Function]}
      >
        For example
        <WithStyles(ForwardRef(Link))
          href="searchBox.examples_label_link1"
          style={
            Object {
              "fontWeight": "bold",
            }
          }
        >
          "instrument calibration"
        </WithStyles(ForwardRef(Link))>
        or
         
        <WithStyles(ForwardRef(Link))
          href="searchBox.examples_label_link2"
          style={
            Object {
              "fontWeight": "bold",
            }
          }
        >
          neutron AND scattering
        </WithStyles(ForwardRef(Link))>
        .
      </Trans>
       
      <AdvancedHelpDialogue />
    </WithStyles(ForwardRef(Typography))>
    <div
      className="makeStyles-rightText-4"
    >
      <div
        style={
          Object {
            "alignItems": "center",
            "display": "flex",
            "flexWrap": "nowrap",
          }
        }
      >
        <Memo(ForwardRef(InfoOutlinedIcon))
          className="makeStyles-infoIcon-1"
          fontSize="small"
        />
         
        <WithStyles(ForwardRef(Typography))
          display="inline"
          style={
            Object {
              "fontSize": "14px",
              "paddingLeft": "6px",
            }
          }
        >
          searchBox.limited_results_message {maxNumResults:{tabs:{datasetTab:false,datafileTab:false,investigationTab:false},selectAllSetting:true,settingsLoaded:false,sideLayout:false,searchableEntities:[investigation,dataset,datafile],maxNumResults:300}}
        </WithStyles(ForwardRef(Typography))>
      </div>
    </div>
  </div>
</div>
`;

exports[`SearchBoxContainerSide - Tests renders searchBoxContainerSide correctly 1`] = `
<div
  className="MuiGrid-root MuiGrid-container MuiGrid-direction-xs-column"
  id="container-searchbox"
>
  <WithStyles(ForwardRef(Grid))
    item={true}
  >
    <Styled(MuiBox)
      px={2}
    >
      <SearchTextBox
        initiateSearch={[MockFunction]}
      />
    </Styled(MuiBox)>
  </WithStyles(ForwardRef(Grid))>
  <WithStyles(ForwardRef(Grid))
    item={true}
  >
    <Styled(MuiBox)
      px={2}
    >
      <Connect(SelectDates)
        initiateSearch={[MockFunction]}
      />
    </Styled(MuiBox)>
  </WithStyles(ForwardRef(Grid))>
  <WithStyles(ForwardRef(Grid))
    item={true}
  >
    <Connect(CheckboxesGroup) />
  </WithStyles(ForwardRef(Grid))>
  <WithStyles(ForwardRef(Grid))
    item={true}
  >
    <Styled(MuiBox)
      mx={5}
      pb={2}
    >
      <TranslatedSearchButton
        initiateSearch={[MockFunction]}
      />
    </Styled(MuiBox)>
  </WithStyles(ForwardRef(Grid))>
</div>
`;
