// Jest Snapshot v1, https://goo.gl/fbAQLP

exports[`Dataset table component renders Dataset title as a link 1`] = `
<ForwardRef(Link)
  component={
    Object {
      "$$typeof": Symbol(react.forward_ref),
      "propTypes": Object {
        "innerRef": [Function],
        "onClick": [Function],
        "replace": [Function],
        "target": [Function],
        "to": [Function],
      },
      "render": [Function],
    }
  }
  to="/browse/investigation/1/dataset/1/datafile"
>
  <MuiLinkRoot
    className="MuiLink-root MuiLink-underlineAlways"
    color="primary"
    component={
      Object {
        "$$typeof": Symbol(react.forward_ref),
        "propTypes": Object {
          "innerRef": [Function],
          "onClick": [Function],
          "replace": [Function],
          "target": [Function],
          "to": [Function],
        },
        "render": [Function],
      }
    }
    onBlur={[Function]}
    onFocus={[Function]}
    ownerState={
      Object {
        "children": "Test 1",
        "color": "primary",
        "component": Object {
          "$$typeof": Symbol(react.forward_ref),
          "propTypes": Object {
            "innerRef": [Function],
            "onClick": [Function],
            "replace": [Function],
            "target": [Function],
            "to": [Function],
          },
          "render": [Function],
        },
        "focusVisible": false,
        "to": "/browse/investigation/1/dataset/1/datafile",
        "underline": "always",
        "variant": "inherit",
      }
    }
    to="/browse/investigation/1/dataset/1/datafile"
    variant="inherit"
  >
    <Noop />
    <ForwardRef(Typography)
      className="MuiLink-root MuiLink-underlineAlways css-okiaqn-MuiLink-root"
      color="primary"
      component={
        Object {
          "$$typeof": Symbol(react.forward_ref),
          "propTypes": Object {
            "innerRef": [Function],
            "onClick": [Function],
            "replace": [Function],
            "target": [Function],
            "to": [Function],
          },
          "render": [Function],
        }
      }
      onBlur={[Function]}
      onFocus={[Function]}
      to="/browse/investigation/1/dataset/1/datafile"
      variant="inherit"
    >
      <MuiTypographyRoot
        as={
          Object {
            "$$typeof": Symbol(react.forward_ref),
            "propTypes": Object {
              "innerRef": [Function],
              "onClick": [Function],
              "replace": [Function],
              "target": [Function],
              "to": [Function],
            },
            "render": [Function],
          }
        }
        className="MuiTypography-root MuiTypography-inherit MuiLink-root MuiLink-underlineAlways css-okiaqn-MuiLink-root"
        onBlur={[Function]}
        onFocus={[Function]}
        ownerState={
          Object {
            "align": "inherit",
            "children": "Test 1",
            "className": "MuiLink-root MuiLink-underlineAlways css-okiaqn-MuiLink-root",
            "color": "primary.main",
            "component": Object {
              "$$typeof": Symbol(react.forward_ref),
              "propTypes": Object {
                "innerRef": [Function],
                "onClick": [Function],
                "replace": [Function],
                "target": [Function],
                "to": [Function],
              },
              "render": [Function],
            },
            "gutterBottom": false,
            "noWrap": false,
            "onBlur": [Function],
            "onFocus": [Function],
            "paragraph": false,
            "sx": Object {
              "color": "primary.main",
            },
            "to": "/browse/investigation/1/dataset/1/datafile",
            "variant": "inherit",
            "variantMapping": Object {
              "body1": "p",
              "body2": "p",
              "h1": "h1",
              "h2": "h2",
              "h3": "h3",
              "h4": "h4",
              "h5": "h5",
              "h6": "h6",
              "inherit": "p",
              "subtitle1": "h6",
              "subtitle2": "h6",
            },
          }
        }
        sx={
          Object {
            "color": "primary.main",
          }
        }
        to="/browse/investigation/1/dataset/1/datafile"
      >
        <Noop />
        <Link
          className="MuiTypography-root MuiTypography-inherit MuiLink-root MuiLink-underlineAlways css-1iwtne7-MuiTypography-root-MuiLink-root"
          onBlur={[Function]}
          onFocus={[Function]}
          to="/browse/investigation/1/dataset/1/datafile"
        >
          <LinkAnchor
            className="MuiTypography-root MuiTypography-inherit MuiLink-root MuiLink-underlineAlways css-1iwtne7-MuiTypography-root-MuiLink-root"
            href="/browse/investigation/1/dataset/1/datafile"
            navigate={[Function]}
            onBlur={[Function]}
            onFocus={[Function]}
          >
            <a
              className="MuiTypography-root MuiTypography-inherit MuiLink-root MuiLink-underlineAlways css-1iwtne7-MuiTypography-root-MuiLink-root"
              href="/browse/investigation/1/dataset/1/datafile"
              onBlur={[Function]}
              onClick={[Function]}
              onFocus={[Function]}
            >
              Test 1
            </a>
          </LinkAnchor>
        </Link>
      </MuiTypographyRoot>
    </ForwardRef(Typography)>
  </MuiLinkRoot>
</ForwardRef(Link)>
`;

exports[`Dataset table component renders correctly 1`] = `
Object {
  "allIds": Array [
    1,
  ],
  "columns": Array [
    Object {
      "cellContentRenderer": [Function],
      "dataKey": "name",
      "filterComponent": [Function],
      "icon": Object {
        "$$typeof": Symbol(react.memo),
        "compare": null,
        "type": Object {
          "$$typeof": Symbol(react.forward_ref),
          "render": [Function],
        },
      },
      "label": "datasets.name",
    },
    Object {
      "cellContentRenderer": [Function],
      "dataKey": "datafileCount",
      "disableSort": true,
      "icon": Object {
        "$$typeof": Symbol(react.memo),
        "compare": null,
        "type": Object {
          "$$typeof": Symbol(react.forward_ref),
          "render": [Function],
        },
      },
      "label": "datasets.datafile_count",
    },
    Object {
      "dataKey": "createTime",
      "filterComponent": [Function],
      "icon": Object {
        "$$typeof": Symbol(react.memo),
        "compare": null,
        "type": Object {
          "$$typeof": Symbol(react.forward_ref),
          "render": [Function],
        },
      },
      "label": "datasets.create_time",
    },
    Object {
      "dataKey": "modTime",
      "filterComponent": [Function],
      "icon": Object {
        "$$typeof": Symbol(react.memo),
        "compare": null,
        "type": Object {
          "$$typeof": Symbol(react.forward_ref),
          "render": [Function],
        },
      },
      "label": "datasets.modified_time",
    },
  ],
  "data": Array [
    Object {
      "createTime": "2019-07-23",
      "id": 1,
      "modTime": "2019-07-23",
      "name": "Test 1",
      "size": 1,
    },
  ],
  "detailsPanel": [Function],
  "disableSelectAll": false,
  "loadMoreRows": [Function],
  "loading": false,
  "onCheck": [MockFunction],
  "onSort": [Function],
  "onUncheck": [MockFunction],
  "selectedRows": Array [],
  "sort": Object {},
  "totalRowCount": 0,
}
`;
