// Jest Snapshot v1, https://goo.gl/fbAQLP

exports[`Datafile table component renders details panel correctly 1`] = `
<WithStyles(ForwardRef(Grid))
  className="makeStyles-root-180"
  container={true}
  direction="column"
  id="details-panel"
>
  <WithStyles(ForwardRef(Grid))
    item={true}
    xs={true}
  >
    <WithStyles(ForwardRef(Typography))
      variant="h6"
    >
      <b>
        Test 1
      </b>
    </WithStyles(ForwardRef(Typography))>
    <WithStyles(ForwardRef(Divider))
      className="makeStyles-divider-181"
    />
  </WithStyles(ForwardRef(Grid))>
  <WithStyles(ForwardRef(Grid))
    item={true}
    xs={true}
  >
    <WithStyles(ForwardRef(Typography))
      variant="overline"
    >
      datafiles.details.size
    </WithStyles(ForwardRef(Typography))>
    <WithStyles(ForwardRef(Typography))>
      <b>
        1 B
      </b>
    </WithStyles(ForwardRef(Typography))>
  </WithStyles(ForwardRef(Grid))>
  <WithStyles(ForwardRef(Grid))
    item={true}
    xs={true}
  >
    <WithStyles(ForwardRef(Typography))
      variant="overline"
    >
      datafiles.details.location
    </WithStyles(ForwardRef(Typography))>
    <WithStyles(ForwardRef(Typography))>
      <b>
        /test1
      </b>
    </WithStyles(ForwardRef(Typography))>
  </WithStyles(ForwardRef(Grid))>
</WithStyles(ForwardRef(Grid))>
`;
