// Jest Snapshot v1, https://goo.gl/fbAQLP

exports[`Generic add to cart button renders correctly 1`] = `
<Provider
  store={
    Object {
      "clearActions": [Function],
      "dispatch": [Function],
      "getActions": [Function],
      "getState": [Function],
      "replaceReducer": [Function],
      "subscribe": [Function],
    }
  }
>
  <MemoryRouter>
    <Router
      history={
        Object {
          "action": "POP",
          "block": [Function],
          "canGo": [Function],
          "createHref": [Function],
          "entries": Array [
            Object {
              "hash": "",
              "key": "hd2f7a",
              "pathname": "/",
              "search": "",
              "state": undefined,
            },
          ],
          "go": [Function],
          "goBack": [Function],
          "goForward": [Function],
          "index": 0,
          "length": 1,
          "listen": [Function],
          "location": Object {
            "hash": "",
            "key": "hd2f7a",
            "pathname": "/",
            "search": "",
            "state": undefined,
          },
          "push": [Function],
          "replace": [Function],
        }
      }
    >
      <QueryClientProvider
        client={
          QueryClient {
            "defaultOptions": Object {},
            "mutationCache": MutationCache {
              "config": Object {},
              "listeners": Array [],
              "mutationId": 0,
              "mutations": Array [],
            },
            "mutationDefaults": Array [],
            "queryCache": QueryCache {
              "config": Object {},
              "listeners": Array [],
              "queries": Array [],
              "queriesMap": Object {},
            },
            "queryDefaults": Array [],
            "unsubscribeFocus": [Function],
            "unsubscribeOnline": [Function],
          }
        }
      >
        <AddToCartButton
          allIds={
            Array [
              1,
            ]
          }
          entityId={1}
          entityType="investigation"
        >
          <WithStyles(ForwardRef(Button))
            color="primary"
            disableElevation={true}
            id="add-to-cart-btn"
            onClick={[Function]}
            startIcon={<Memo />}
            variant="contained"
          >
            <ForwardRef(Button)
              classes={
                Object {
                  "colorInherit": "MuiButton-colorInherit",
                  "contained": "MuiButton-contained",
                  "containedPrimary": "MuiButton-containedPrimary",
                  "containedSecondary": "MuiButton-containedSecondary",
                  "containedSizeLarge": "MuiButton-containedSizeLarge",
                  "containedSizeSmall": "MuiButton-containedSizeSmall",
                  "disableElevation": "MuiButton-disableElevation",
                  "disabled": "Mui-disabled",
                  "endIcon": "MuiButton-endIcon",
                  "focusVisible": "Mui-focusVisible",
                  "fullWidth": "MuiButton-fullWidth",
                  "iconSizeLarge": "MuiButton-iconSizeLarge",
                  "iconSizeMedium": "MuiButton-iconSizeMedium",
                  "iconSizeSmall": "MuiButton-iconSizeSmall",
                  "label": "MuiButton-label",
                  "outlined": "MuiButton-outlined",
                  "outlinedPrimary": "MuiButton-outlinedPrimary",
                  "outlinedSecondary": "MuiButton-outlinedSecondary",
                  "outlinedSizeLarge": "MuiButton-outlinedSizeLarge",
                  "outlinedSizeSmall": "MuiButton-outlinedSizeSmall",
                  "root": "MuiButton-root",
                  "sizeLarge": "MuiButton-sizeLarge",
                  "sizeSmall": "MuiButton-sizeSmall",
                  "startIcon": "MuiButton-startIcon",
                  "text": "MuiButton-text",
                  "textPrimary": "MuiButton-textPrimary",
                  "textSecondary": "MuiButton-textSecondary",
                  "textSizeLarge": "MuiButton-textSizeLarge",
                  "textSizeSmall": "MuiButton-textSizeSmall",
                }
              }
              color="primary"
              disableElevation={true}
              id="add-to-cart-btn"
              onClick={[Function]}
              startIcon={<Memo />}
              variant="contained"
            >
              <WithStyles(ForwardRef(ButtonBase))
                className="MuiButton-root MuiButton-contained MuiButton-containedPrimary MuiButton-disableElevation"
                component="button"
                disabled={false}
                focusRipple={true}
                focusVisibleClassName="Mui-focusVisible"
                id="add-to-cart-btn"
                onClick={[Function]}
                type="button"
              >
                <ForwardRef(ButtonBase)
                  className="MuiButton-root MuiButton-contained MuiButton-containedPrimary MuiButton-disableElevation"
                  classes={
                    Object {
                      "disabled": "Mui-disabled",
                      "focusVisible": "Mui-focusVisible",
                      "root": "MuiButtonBase-root",
                    }
                  }
                  component="button"
                  disabled={false}
                  focusRipple={true}
                  focusVisibleClassName="Mui-focusVisible"
                  id="add-to-cart-btn"
                  onClick={[Function]}
                  type="button"
                >
                  <button
                    className="MuiButtonBase-root MuiButton-root MuiButton-contained MuiButton-containedPrimary MuiButton-disableElevation"
                    disabled={false}
                    id="add-to-cart-btn"
                    onBlur={[Function]}
                    onClick={[Function]}
                    onDragLeave={[Function]}
                    onFocus={[Function]}
                    onKeyDown={[Function]}
                    onKeyUp={[Function]}
                    onMouseDown={[Function]}
                    onMouseLeave={[Function]}
                    onMouseUp={[Function]}
                    onTouchEnd={[Function]}
                    onTouchMove={[Function]}
                    onTouchStart={[Function]}
                    tabIndex={0}
                    type="button"
                  >
                    <span
                      className="MuiButton-label"
                    >
                      <span
                        className="MuiButton-startIcon MuiButton-iconSizeMedium"
                      >
                        <ForwardRef(AddCircleOutlineOutlinedIcon)>
                          <WithStyles(ForwardRef(SvgIcon))>
                            <ForwardRef(SvgIcon)
                              classes={
                                Object {
                                  "colorAction": "MuiSvgIcon-colorAction",
                                  "colorDisabled": "MuiSvgIcon-colorDisabled",
                                  "colorError": "MuiSvgIcon-colorError",
                                  "colorPrimary": "MuiSvgIcon-colorPrimary",
                                  "colorSecondary": "MuiSvgIcon-colorSecondary",
                                  "fontSizeInherit": "MuiSvgIcon-fontSizeInherit",
                                  "fontSizeLarge": "MuiSvgIcon-fontSizeLarge",
                                  "fontSizeSmall": "MuiSvgIcon-fontSizeSmall",
                                  "root": "MuiSvgIcon-root",
                                }
                              }
                            >
                              <svg
                                aria-hidden={true}
                                className="MuiSvgIcon-root"
                                focusable="false"
                                viewBox="0 0 24 24"
                              >
                                <path
                                  d="M13 7h-2v4H7v2h4v4h2v-4h4v-2h-4V7zm-1-5C6.48 2 2 6.48 2 12s4.48 10 10 10 10-4.48 10-10S17.52 2 12 2zm0 18c-4.41 0-8-3.59-8-8s3.59-8 8-8 8 3.59 8 8-3.59 8-8 8z"
                                />
                              </svg>
                            </ForwardRef(SvgIcon)>
                          </WithStyles(ForwardRef(SvgIcon))>
                        </ForwardRef(AddCircleOutlineOutlinedIcon)>
                      </span>
                      buttons.add_to_cart
                    </span>
                    <WithStyles(memo)
                      center={false}
                    >
                      <ForwardRef(TouchRipple)
                        center={false}
                        classes={
                          Object {
                            "child": "MuiTouchRipple-child",
                            "childLeaving": "MuiTouchRipple-childLeaving",
                            "childPulsate": "MuiTouchRipple-childPulsate",
                            "ripple": "MuiTouchRipple-ripple",
                            "ripplePulsate": "MuiTouchRipple-ripplePulsate",
                            "rippleVisible": "MuiTouchRipple-rippleVisible",
                            "root": "MuiTouchRipple-root",
                          }
                        }
                      >
                        <span
                          className="MuiTouchRipple-root"
                        >
                          <TransitionGroup
                            childFactory={[Function]}
                            component={null}
                            exit={true}
                          />
                        </span>
                      </ForwardRef(TouchRipple)>
                    </WithStyles(memo)>
                  </button>
                </ForwardRef(ButtonBase)>
              </WithStyles(ForwardRef(ButtonBase))>
            </ForwardRef(Button)>
          </WithStyles(ForwardRef(Button))>
        </AddToCartButton>
      </QueryClientProvider>
    </Router>
  </MemoryRouter>
</Provider>
`;
